# serializer version: 1
# name: test_nested_loop_llvm_ir
  '''
  
  define void @main() {
  entry:
    br label %loop_header0
  loop_header0:
    %i0 = phi i64 [ 0, %entry ], [ %_0, %exit1 ]
    br label %loop_body0_exit
  loop_body0:
    %i = phi i64 [ %i0, %loop_body0_exit ]
    %_0 = add i64 %i, 1
    br label %loop_header1
  loop_header1:
    %i1 = phi i64 [ 0, %loop_body0 ], [ %_2, %loop_body1 ]
    br label %loop_body1_exit
  loop_body1:
    %j = phi i64 [ %i1, %loop_body1_exit ]
    %_2 = add i64 %j, 1
    br label %loop_header1
  loop_body1_exit:
    %_6 = icmp slt i64 %i1, 2
    br i1 %_6, label %loop_body1, label %exit1
  exit1:
    br label %loop_header0
  loop_body0_exit:
    %_12 = icmp slt i64 %i0, 2
    br i1 %_12, label %loop_body0, label %exit0
  exit0:
    ret void
  }
  '''
# ---
