# serializer version: 1
# name: test_nested_while_llvm_ir
  '''
  
  define void @main() {
  entry:
    br label %while_header
  while_header:
    %_3 = phi { i64 } [ { i64 0 }, %entry ], [ %_4, %exit ]
    %i = extractvalue { i64 } %_3, 0
    br label %while_body_exit
  while_body:
    %_5 = phi { i64 } [ %_6, %while_body_exit ]
    %oi = extractvalue { i64 } %_5, 0
    %_7 = add i64 %oi, 1
    br label %while_header0
  while_header0:
    %_8 = phi { i64 } [ { i64 0 }, %while_body ], [ { i64 0 }, %while_body1 ]
    %j = extractvalue { i64 } %_8, 0
    br label %while_body1_exit
  while_body1:
    %_9 = phi { i64 } [ %_10, %while_body1_exit ]
    %j2 = extractvalue { i64 } %_9, 0
    br label %while_header0
  while_body1_exit:
    %_11 = icmp slt i64 %j, 2
    %_10 = insertvalue { i64 } undef, i64 %j, 0
    br i1 %_11, label %while_body1, label %exit
  exit:
    %_4 = insertvalue { i64 } undef, i64 %_7, 0
    br label %while_header
  while_body_exit:
    %_12 = icmp slt i64 %i, 2
    %_6 = insertvalue { i64 } undef, i64 %i, 0
    br i1 %_12, label %while_body, label %exit2
  exit2:
    ret void
  }
  '''
# ---
# name: test_while_llvm_ir
  '''
  
  define void @main() {
  entry:
    br label %while_header
  while_header:
    %_0 = phi { i64 } [ { i64 0 }, %entry ], [ %_1, %while_body ]
    %i = extractvalue { i64 } %_0, 0
    br label %while_body_exit
  while_body:
    %_2 = phi { i64 } [ %_3, %while_body_exit ]
    %i4 = extractvalue { i64 } %_2, 0
    %_5 = add i64 %i4, 1
    %_1 = insertvalue { i64 } undef, i64 %_5, 0
    br label %while_header
  while_body_exit:
    %_6 = icmp slt i64 %i, 10
    %_3 = insertvalue { i64 } undef, i64 %i, 0
    br i1 %_6, label %while_body, label %exit
  exit:
    ret void
  }
  '''
# ---
